Archive member included to satisfy reference by file (symbol)

c:/st/stm32cubeide_1.4.0/stm32cubeide/plugins/com.st.stm32cube.ide.mcu.externaltools.gnu-tools-for-stm32.7-2018-q2-update.win32_1.4.0.202007081208/tools/bin/../lib/gcc/arm-none-eabi/7.3.1/../../../../arm-none-eabi/lib/thumb/v7e-m/fpv4-sp/hard\libc_nano.a(lib_a-exit.o)
                              c:/st/stm32cubeide_1.4.0/stm32cubeide/plugins/com.st.stm32cube.ide.mcu.externaltools.gnu-tools-for-stm32.7-2018-q2-update.win32_1.4.0.202007081208/tools/bin/../lib/gcc/arm-none-eabi/7.3.1/../../../../arm-none-eabi/lib/thumb/v7e-m/fpv4-sp/hard/crt0.o (exit)
c:/st/stm32cubeide_1.4.0/stm32cubeide/plugins/com.st.stm32cube.ide.mcu.externaltools.gnu-tools-for-stm32.7-2018-q2-update.win32_1.4.0.202007081208/tools/bin/../lib/gcc/arm-none-eabi/7.3.1/../../../../arm-none-eabi/lib/thumb/v7e-m/fpv4-sp/hard\libc_nano.a(lib_a-impure.o)
                              c:/st/stm32cubeide_1.4.0/stm32cubeide/plugins/com.st.stm32cube.ide.mcu.externaltools.gnu-tools-for-stm32.7-2018-q2-update.win32_1.4.0.202007081208/tools/bin/../lib/gcc/arm-none-eabi/7.3.1/../../../../arm-none-eabi/lib/thumb/v7e-m/fpv4-sp/hard\libc_nano.a(lib_a-exit.o) (_global_impure_ptr)
c:/st/stm32cubeide_1.4.0/stm32cubeide/plugins/com.st.stm32cube.ide.mcu.externaltools.gnu-tools-for-stm32.7-2018-q2-update.win32_1.4.0.202007081208/tools/bin/../lib/gcc/arm-none-eabi/7.3.1/../../../../arm-none-eabi/lib/thumb/v7e-m/fpv4-sp/hard\libc_nano.a(lib_a-init.o)
                              c:/st/stm32cubeide_1.4.0/stm32cubeide/plugins/com.st.stm32cube.ide.mcu.externaltools.gnu-tools-for-stm32.7-2018-q2-update.win32_1.4.0.202007081208/tools/bin/../lib/gcc/arm-none-eabi/7.3.1/../../../../arm-none-eabi/lib/thumb/v7e-m/fpv4-sp/hard/crt0.o (__libc_init_array)
c:/st/stm32cubeide_1.4.0/stm32cubeide/plugins/com.st.stm32cube.ide.mcu.externaltools.gnu-tools-for-stm32.7-2018-q2-update.win32_1.4.0.202007081208/tools/bin/../lib/gcc/arm-none-eabi/7.3.1/../../../../arm-none-eabi/lib/thumb/v7e-m/fpv4-sp/hard\libc_nano.a(lib_a-memset.o)
                              c:/st/stm32cubeide_1.4.0/stm32cubeide/plugins/com.st.stm32cube.ide.mcu.externaltools.gnu-tools-for-stm32.7-2018-q2-update.win32_1.4.0.202007081208/tools/bin/../lib/gcc/arm-none-eabi/7.3.1/../../../../arm-none-eabi/lib/thumb/v7e-m/fpv4-sp/hard/crt0.o (memset)
c:/st/stm32cubeide_1.4.0/stm32cubeide/plugins/com.st.stm32cube.ide.mcu.externaltools.gnu-tools-for-stm32.7-2018-q2-update.win32_1.4.0.202007081208/tools/bin/../lib/gcc/arm-none-eabi/7.3.1/thumb/v7e-m/fpv4-sp/hard\libgcc.a(_aeabi_ldivmod.o)
                              Drivers/STM32F4xx_HAL_Driver/stm32f4xx_hal_rcc.o (__aeabi_ldivmod)
c:/st/stm32cubeide_1.4.0/stm32cubeide/plugins/com.st.stm32cube.ide.mcu.externaltools.gnu-tools-for-stm32.7-2018-q2-update.win32_1.4.0.202007081208/tools/bin/../lib/gcc/arm-none-eabi/7.3.1/thumb/v7e-m/fpv4-sp/hard\libgcc.a(_aeabi_uldivmod.o)
                              Drivers/STM32F4xx_HAL_Driver/stm32f4xx_hal_rcc.o (__aeabi_uldivmod)
c:/st/stm32cubeide_1.4.0/stm32cubeide/plugins/com.st.stm32cube.ide.mcu.externaltools.gnu-tools-for-stm32.7-2018-q2-update.win32_1.4.0.202007081208/tools/bin/../lib/gcc/arm-none-eabi/7.3.1/thumb/v7e-m/fpv4-sp/hard\libgcc.a(_udivmoddi4.o)
                              c:/st/stm32cubeide_1.4.0/stm32cubeide/plugins/com.st.stm32cube.ide.mcu.externaltools.gnu-tools-for-stm32.7-2018-q2-update.win32_1.4.0.202007081208/tools/bin/../lib/gcc/arm-none-eabi/7.3.1/thumb/v7e-m/fpv4-sp/hard\libgcc.a(_aeabi_ldivmod.o) (__udivmoddi4)
c:/st/stm32cubeide_1.4.0/stm32cubeide/plugins/com.st.stm32cube.ide.mcu.externaltools.gnu-tools-for-stm32.7-2018-q2-update.win32_1.4.0.202007081208/tools/bin/../lib/gcc/arm-none-eabi/7.3.1/thumb/v7e-m/fpv4-sp/hard\libgcc.a(_dvmd_tls.o)
                              c:/st/stm32cubeide_1.4.0/stm32cubeide/plugins/com.st.stm32cube.ide.mcu.externaltools.gnu-tools-for-stm32.7-2018-q2-update.win32_1.4.0.202007081208/tools/bin/../lib/gcc/arm-none-eabi/7.3.1/thumb/v7e-m/fpv4-sp/hard\libgcc.a(_aeabi_ldivmod.o) (__aeabi_ldiv0)
c:/st/stm32cubeide_1.4.0/stm32cubeide/plugins/com.st.stm32cube.ide.mcu.externaltools.gnu-tools-for-stm32.7-2018-q2-update.win32_1.4.0.202007081208/tools/bin/../lib/gcc/arm-none-eabi/7.3.1/../../../../arm-none-eabi/lib/thumb/v7e-m/fpv4-sp/hard\libnosys.a(_exit.o)
                              c:/st/stm32cubeide_1.4.0/stm32cubeide/plugins/com.st.stm32cube.ide.mcu.externaltools.gnu-tools-for-stm32.7-2018-q2-update.win32_1.4.0.202007081208/tools/bin/../lib/gcc/arm-none-eabi/7.3.1/../../../../arm-none-eabi/lib/thumb/v7e-m/fpv4-sp/hard\libc_nano.a(lib_a-exit.o) (_exit)

Allocating common symbols
Common symbol       size              file

uwTick              0x4               Drivers/STM32F4xx_HAL_Driver/stm32f4xx_hal.o
pFlash              0x20              Drivers/STM32F4xx_HAL_Driver/stm32f4xx_hal_flash.o

Discarded input sections

[...]
Memory Configuration

Name             Origin             Length             Attributes
FLASH            0x0000000008000000 0x0000000000080000 xr
RAM              0x0000000020000000 0x0000000000018000 xrw
*default*        0x0000000000000000 0xffffffffffffffff

Linker script and memory map

LOAD c:/st/stm32cubeide_1.4.0/stm32cubeide/plugins/com.st.stm32cube.ide.mcu.externaltools.gnu-tools-for-stm32.7-2018-q2-update.win32_1.4.0.202007081208/tools/bin/../lib/gcc/arm-none-eabi/7.3.1/thumb/v7e-m/fpv4-sp/hard/crti.o
LOAD c:/st/stm32cubeide_1.4.0/stm32cubeide/plugins/com.st.stm32cube.ide.mcu.externaltools.gnu-tools-for-stm32.7-2018-q2-update.win32_1.4.0.202007081208/tools/bin/../lib/gcc/arm-none-eabi/7.3.1/thumb/v7e-m/fpv4-sp/hard/crtbegin.o
LOAD c:/st/stm32cubeide_1.4.0/stm32cubeide/plugins/com.st.stm32cube.ide.mcu.externaltools.gnu-tools-for-stm32.7-2018-q2-update.win32_1.4.0.202007081208/tools/bin/../lib/gcc/arm-none-eabi/7.3.1/../../../../arm-none-eabi/lib/thumb/v7e-m/fpv4-sp/hard/crt0.o
LOAD Drivers/BSP/STM32F4xx-Nucleo/stm32f4xx_nucleo.o
LOAD Drivers/CMSIS/system_stm32f4xx.o
LOAD Drivers/STM32F4xx_HAL_Driver/stm32f4xx_hal.o
LOAD Drivers/STM32F4xx_HAL_Driver/stm32f4xx_hal_adc.o
LOAD Drivers/STM32F4xx_HAL_Driver/stm32f4xx_hal_adc_ex.o
LOAD Drivers/STM32F4xx_HAL_Driver/stm32f4xx_hal_cortex.o
LOAD Drivers/STM32F4xx_HAL_Driver/stm32f4xx_hal_dma.o
LOAD Drivers/STM32F4xx_HAL_Driver/stm32f4xx_hal_dma_ex.o
LOAD Drivers/STM32F4xx_HAL_Driver/stm32f4xx_hal_flash.o
LOAD Drivers/STM32F4xx_HAL_Driver/stm32f4xx_hal_flash_ex.o
LOAD Drivers/STM32F4xx_HAL_Driver/stm32f4xx_hal_gpio.o
LOAD Drivers/STM32F4xx_HAL_Driver/stm32f4xx_hal_rcc.o
LOAD Drivers/STM32F4xx_HAL_Driver/stm32f4xx_hal_rcc_ex.o
LOAD Drivers/STM32F4xx_HAL_Driver/stm32f4xx_hal_spi.o
LOAD Example/SW4STM32/startup_stm32f401xe.o
LOAD Example/User/main.o
LOAD Example/User/stm32f4xx_it.o
START GROUP
LOAD c:/st/stm32cubeide_1.4.0/stm32cubeide/plugins/com.st.stm32cube.ide.mcu.externaltools.gnu-tools-for-stm32.7-2018-q2-update.win32_1.4.0.202007081208/tools/bin/../lib/gcc/arm-none-eabi/7.3.1/../../../../arm-none-eabi/lib/thumb/v7e-m/fpv4-sp/hard\libc_nano.a
LOAD c:/st/stm32cubeide_1.4.0/stm32cubeide/plugins/com.st.stm32cube.ide.mcu.externaltools.gnu-tools-for-stm32.7-2018-q2-update.win32_1.4.0.202007081208/tools/bin/../lib/gcc/arm-none-eabi/7.3.1/../../../../arm-none-eabi/lib/thumb/v7e-m/fpv4-sp/hard\libm.a
END GROUP
START GROUP
LOAD c:/st/stm32cubeide_1.4.0/stm32cubeide/plugins/com.st.stm32cube.ide.mcu.externaltools.gnu-tools-for-stm32.7-2018-q2-update.win32_1.4.0.202007081208/tools/bin/../lib/gcc/arm-none-eabi/7.3.1/thumb/v7e-m/fpv4-sp/hard\libgcc.a
LOAD c:/st/stm32cubeide_1.4.0/stm32cubeide/plugins/com.st.stm32cube.ide.mcu.externaltools.gnu-tools-for-stm32.7-2018-q2-update.win32_1.4.0.202007081208/tools/bin/../lib/gcc/arm-none-eabi/7.3.1/../../../../arm-none-eabi/lib/thumb/v7e-m/fpv4-sp/hard\libc_nano.a
END GROUP
START GROUP
LOAD c:/st/stm32cubeide_1.4.0/stm32cubeide/plugins/com.st.stm32cube.ide.mcu.externaltools.gnu-tools-for-stm32.7-2018-q2-update.win32_1.4.0.202007081208/tools/bin/../lib/gcc/arm-none-eabi/7.3.1/thumb/v7e-m/fpv4-sp/hard\libgcc.a
LOAD c:/st/stm32cubeide_1.4.0/stm32cubeide/plugins/com.st.stm32cube.ide.mcu.externaltools.gnu-tools-for-stm32.7-2018-q2-update.win32_1.4.0.202007081208/tools/bin/../lib/gcc/arm-none-eabi/7.3.1/../../../../arm-none-eabi/lib/thumb/v7e-m/fpv4-sp/hard\libc_nano.a
LOAD c:/st/stm32cubeide_1.4.0/stm32cubeide/plugins/com.st.stm32cube.ide.mcu.externaltools.gnu-tools-for-stm32.7-2018-q2-update.win32_1.4.0.202007081208/tools/bin/../lib/gcc/arm-none-eabi/7.3.1/../../../../arm-none-eabi/lib/thumb/v7e-m/fpv4-sp/hard\libnosys.a
END GROUP
START GROUP
LOAD c:/st/stm32cubeide_1.4.0/stm32cubeide/plugins/com.st.stm32cube.ide.mcu.externaltools.gnu-tools-for-stm32.7-2018-q2-update.win32_1.4.0.202007081208/tools/bin/../lib/gcc/arm-none-eabi/7.3.1/thumb/v7e-m/fpv4-sp/hard\libgcc.a
LOAD c:/st/stm32cubeide_1.4.0/stm32cubeide/plugins/com.st.stm32cube.ide.mcu.externaltools.gnu-tools-for-stm32.7-2018-q2-update.win32_1.4.0.202007081208/tools/bin/../lib/gcc/arm-none-eabi/7.3.1/../../../../arm-none-eabi/lib/thumb/v7e-m/fpv4-sp/hard\libc_nano.a
LOAD c:/st/stm32cubeide_1.4.0/stm32cubeide/plugins/com.st.stm32cube.ide.mcu.externaltools.gnu-tools-for-stm32.7-2018-q2-update.win32_1.4.0.202007081208/tools/bin/../lib/gcc/arm-none-eabi/7.3.1/../../../../arm-none-eabi/lib/thumb/v7e-m/fpv4-sp/hard\libnosys.a
END GROUP
LOAD c:/st/stm32cubeide_1.4.0/stm32cubeide/plugins/com.st.stm32cube.ide.mcu.externaltools.gnu-tools-for-stm32.7-2018-q2-update.win32_1.4.0.202007081208/tools/bin/../lib/gcc/arm-none-eabi/7.3.1/thumb/v7e-m/fpv4-sp/hard/crtend.o
LOAD c:/st/stm32cubeide_1.4.0/stm32cubeide/plugins/com.st.stm32cube.ide.mcu.externaltools.gnu-tools-for-stm32.7-2018-q2-update.win32_1.4.0.202007081208/tools/bin/../lib/gcc/arm-none-eabi/7.3.1/thumb/v7e-m/fpv4-sp/hard/crtn.o
                0x0000000020018000                _estack = 0x20018000
                0x0000000000000200                _Min_Heap_Size = 0x200
                0x0000000000000400                _Min_Stack_Size = 0x400

.isr_vector     0x0000000008000000      0x194
                0x0000000008000000                . = ALIGN (0x4)
 *(.isr_vector)
 .isr_vector    0x0000000008000000      0x194 Example/SW4STM32/startup_stm32f401xe.o
                0x0000000008000000                g_pfnVectors
                0x0000000008000194                . = ALIGN (0x4)

.text           0x0000000008000194      0xd70
                0x0000000008000194                . = ALIGN (0x4)
 *(.text)
 .text          0x0000000008000194       0x40 c:/st/stm32cubeide_1.4.0/stm32cubeide/plugins/com.st.stm32cube.ide.mcu.externaltools.gnu-tools-for-stm32.7-2018-q2-update.win32_1.4.0.202007081208/tools/bin/../lib/gcc/arm-none-eabi/7.3.1/thumb/v7e-m/fpv4-sp/hard/crtbegin.o
 .text          0x00000000080001d4       0x30 c:/st/stm32cubeide_1.4.0/stm32cubeide/plugins/com.st.stm32cube.ide.mcu.externaltools.gnu-tools-for-stm32.7-2018-q2-update.win32_1.4.0.202007081208/tools/bin/../lib/gcc/arm-none-eabi/7.3.1/thumb/v7e-m/fpv4-sp/hard\libgcc.a(_aeabi_uldivmod.o)
                0x00000000080001d4                __aeabi_uldivmod
 .text          0x0000000008000204      0x2cc c:/st/stm32cubeide_1.4.0/stm32cubeide/plugins/com.st.stm32cube.ide.mcu.externaltools.gnu-tools-for-stm32.7-2018-q2-update.win32_1.4.0.202007081208/tools/bin/../lib/gcc/arm-none-eabi/7.3.1/thumb/v7e-m/fpv4-sp/hard\libgcc.a(_udivmoddi4.o)
                0x0000000008000204                __udivmoddi4
 .text          0x00000000080004d0        0x4 c:/st/stm32cubeide_1.4.0/stm32cubeide/plugins/com.st.stm32cube.ide.mcu.externaltools.gnu-tools-for-stm32.7-2018-q2-update.win32_1.4.0.202007081208/tools/bin/../lib/gcc/arm-none-eabi/7.3.1/thumb/v7e-m/fpv4-sp/hard\libgcc.a(_dvmd_tls.o)
                0x00000000080004d0                __aeabi_idiv0
                0x00000000080004d0                __aeabi_ldiv0
 *(.text*)
 .text.SystemInit
                0x00000000080004d4       0x4c Drivers/CMSIS/system_stm32f4xx.o
                0x00000000080004d4                SystemInit
 .text.HAL_MspInit
                0x0000000008000520        0x2 Drivers/STM32F4xx_HAL_Driver/stm32f4xx_hal.o
                0x0000000008000520                HAL_MspInit
 *fill*         0x0000000008000522        0x2 
 .text.HAL_InitTick
                0x0000000008000524       0x44 Drivers/STM32F4xx_HAL_Driver/stm32f4xx_hal.o
                0x0000000008000524                HAL_InitTick
 .text.HAL_Init
                0x0000000008000568       0x34 Drivers/STM32F4xx_HAL_Driver/stm32f4xx_hal.o
                0x0000000008000568                HAL_Init
 .text.HAL_IncTick
                0x000000000800059c       0x18 Drivers/STM32F4xx_HAL_Driver/stm32f4xx_hal.o
                0x000000000800059c                HAL_IncTick
 .text.HAL_GetTick
                0x00000000080005b4        0xc Drivers/STM32F4xx_HAL_Driver/stm32f4xx_hal.o
                0x00000000080005b4                HAL_GetTick
 .text.HAL_Delay
                0x00000000080005c0       0x28 Drivers/STM32F4xx_HAL_Driver/stm32f4xx_hal.o
                0x00000000080005c0                HAL_Delay
 .text.HAL_NVIC_SetPriorityGrouping
                0x00000000080005e8       0x24 Drivers/STM32F4xx_HAL_Driver/stm32f4xx_hal_cortex.o
                0x00000000080005e8                HAL_NVIC_SetPriorityGrouping
 .text.HAL_NVIC_SetPriority
                0x000000000800060c       0x68 Drivers/STM32F4xx_HAL_Driver/stm32f4xx_hal_cortex.o
                0x000000000800060c                HAL_NVIC_SetPriority
 .text.HAL_SYSTICK_Config
                0x0000000008000674       0x2c Drivers/STM32F4xx_HAL_Driver/stm32f4xx_hal_cortex.o
                0x0000000008000674                HAL_SYSTICK_Config
 .text.HAL_GPIO_Init
                0x00000000080006a0      0x19c Drivers/STM32F4xx_HAL_Driver/stm32f4xx_hal_gpio.o
                0x00000000080006a0                HAL_GPIO_Init
 .text.HAL_GPIO_ReadPin
                0x000000000800083c        0xc Drivers/STM32F4xx_HAL_Driver/stm32f4xx_hal_gpio.o
                0x000000000800083c                HAL_GPIO_ReadPin
 .text.HAL_GPIO_WritePin
                0x0000000008000848        0xa Drivers/STM32F4xx_HAL_Driver/stm32f4xx_hal_gpio.o
                0x0000000008000848                HAL_GPIO_WritePin
 *fill*         0x0000000008000852        0x2 
 .text.HAL_RCC_OscConfig
                0x0000000008000854      0x34c Drivers/STM32F4xx_HAL_Driver/stm32f4xx_hal_rcc.o
                0x0000000008000854                HAL_RCC_OscConfig
 .text.HAL_RCC_GetSysClockFreq
                0x0000000008000ba0       0x5c Drivers/STM32F4xx_HAL_Driver/stm32f4xx_hal_rcc.o
                0x0000000008000ba0                HAL_RCC_GetSysClockFreq
 .text.HAL_RCC_ClockConfig
                0x0000000008000bfc      0x134 Drivers/STM32F4xx_HAL_Driver/stm32f4xx_hal_rcc.o
                0x0000000008000bfc                HAL_RCC_ClockConfig
 .text.Reset_Handler
                0x0000000008000d30       0x50 Example/SW4STM32/startup_stm32f401xe.o
                0x0000000008000d30                Reset_Handler
 .text.Default_Handler
                0x0000000008000d80        0x2 Example/SW4STM32/startup_stm32f401xe.o
                0x0000000008000d80                RTC_Alarm_IRQHandler
                0x0000000008000d80                EXTI2_IRQHandler
                0x0000000008000d80                SPI4_IRQHandler
                0x0000000008000d80                TIM1_CC_IRQHandler
                0x0000000008000d80                DMA2_Stream5_IRQHandler
                0x0000000008000d80                DMA1_Stream5_IRQHandler
                0x0000000008000d80                PVD_IRQHandler
                0x0000000008000d80                SDIO_IRQHandler
                0x0000000008000d80                TAMP_STAMP_IRQHandler
                0x0000000008000d80                EXTI3_IRQHandler
                0x0000000008000d80                TIM1_UP_TIM10_IRQHandler
                0x0000000008000d80                I2C3_ER_IRQHandler
                0x0000000008000d80                EXTI0_IRQHandler
                0x0000000008000d80                I2C2_EV_IRQHandler
                0x0000000008000d80                DMA1_Stream2_IRQHandler
                0x0000000008000d80                FPU_IRQHandler
                0x0000000008000d80                DMA2_Stream2_IRQHandler
                0x0000000008000d80                SPI1_IRQHandler
                0x0000000008000d80                TIM1_BRK_TIM9_IRQHandler
                0x0000000008000d80                DMA2_Stream3_IRQHandler
                0x0000000008000d80                USART6_IRQHandler
                0x0000000008000d80                DMA2_Stream0_IRQHandler
                0x0000000008000d80                TIM4_IRQHandler
                0x0000000008000d80                I2C1_EV_IRQHandler
                0x0000000008000d80                DMA1_Stream6_IRQHandler
                0x0000000008000d80                DMA1_Stream1_IRQHandler
                0x0000000008000d80                TIM3_IRQHandler
                0x0000000008000d80                RCC_IRQHandler
                0x0000000008000d80                Default_Handler
                0x0000000008000d80                EXTI15_10_IRQHandler
                0x0000000008000d80                ADC_IRQHandler
                0x0000000008000d80                DMA1_Stream7_IRQHandler
                0x0000000008000d80                TIM5_IRQHandler
                0x0000000008000d80                DMA2_Stream7_IRQHandler
                0x0000000008000d80                I2C3_EV_IRQHandler
                0x0000000008000d80                EXTI9_5_IRQHandler
                0x0000000008000d80                RTC_WKUP_IRQHandler
                0x0000000008000d80                SPI2_IRQHandler
                0x0000000008000d80                DMA1_Stream0_IRQHandler
                0x0000000008000d80                EXTI4_IRQHandler
                0x0000000008000d80                WWDG_IRQHandler
                0x0000000008000d80                TIM2_IRQHandler
                0x0000000008000d80                OTG_FS_WKUP_IRQHandler
                0x0000000008000d80                TIM1_TRG_COM_TIM11_IRQHandler
                0x0000000008000d80                EXTI1_IRQHandler
                0x0000000008000d80                USART2_IRQHandler
                0x0000000008000d80                I2C2_ER_IRQHandler
                0x0000000008000d80                DMA2_Stream1_IRQHandler
                0x0000000008000d80                FLASH_IRQHandler
                0x0000000008000d80                DMA2_Stream4_IRQHandler
                0x0000000008000d80                USART1_IRQHandler
                0x0000000008000d80                OTG_FS_IRQHandler
                0x0000000008000d80                SPI3_IRQHandler
                0x0000000008000d80                DMA1_Stream4_IRQHandler
                0x0000000008000d80                I2C1_ER_IRQHandler
                0x0000000008000d80                DMA2_Stream6_IRQHandler
                0x0000000008000d80                DMA1_Stream3_IRQHandler
 *fill*         0x0000000008000d82        0x2 
 .text.startup.main
                0x0000000008000d84      0x10c Example/User/main.o
                0x0000000008000d84                main
 .text.NMI_Handler
                0x0000000008000e90        0x2 Example/User/stm32f4xx_it.o
                0x0000000008000e90                NMI_Handler
 .text.HardFault_Handler
                0x0000000008000e92        0x2 Example/User/stm32f4xx_it.o
                0x0000000008000e92                HardFault_Handler
 .text.MemManage_Handler
                0x0000000008000e94        0x2 Example/User/stm32f4xx_it.o
                0x0000000008000e94                MemManage_Handler
 .text.BusFault_Handler
                0x0000000008000e96        0x2 Example/User/stm32f4xx_it.o
                0x0000000008000e96                BusFault_Handler
 .text.UsageFault_Handler
                0x0000000008000e98        0x2 Example/User/stm32f4xx_it.o
                0x0000000008000e98                UsageFault_Handler
 .text.SVC_Handler
                0x0000000008000e9a        0x2 Example/User/stm32f4xx_it.o
                0x0000000008000e9a                SVC_Handler
 .text.DebugMon_Handler
                0x0000000008000e9c        0x2 Example/User/stm32f4xx_it.o
                0x0000000008000e9c                DebugMon_Handler
 .text.PendSV_Handler
                0x0000000008000e9e        0x2 Example/User/stm32f4xx_it.o
                0x0000000008000e9e                PendSV_Handler
 .text.SysTick_Handler
                0x0000000008000ea0        0x4 Example/User/stm32f4xx_it.o
                0x0000000008000ea0                SysTick_Handler
 .text.__libc_init_array
                0x0000000008000ea4       0x48 c:/st/stm32cubeide_1.4.0/stm32cubeide/plugins/com.st.stm32cube.ide.mcu.externaltools.gnu-tools-for-stm32.7-2018-q2-update.win32_1.4.0.202007081208/tools/bin/../lib/gcc/arm-none-eabi/7.3.1/../../../../arm-none-eabi/lib/thumb/v7e-m/fpv4-sp/hard\libc_nano.a(lib_a-init.o)
                0x0000000008000ea4                __libc_init_array
 *(.glue_7)
 .glue_7        0x0000000008000eec        0x0 linker stubs
 *(.glue_7t)
 .glue_7t       0x0000000008000eec        0x0 linker stubs
 *(.eh_frame)
 .eh_frame      0x0000000008000eec        0x0 c:/st/stm32cubeide_1.4.0/stm32cubeide/plugins/com.st.stm32cube.ide.mcu.externaltools.gnu-tools-for-stm32.7-2018-q2-update.win32_1.4.0.202007081208/tools/bin/../lib/gcc/arm-none-eabi/7.3.1/thumb/v7e-m/fpv4-sp/hard/crtbegin.o
 *(.init)
 .init          0x0000000008000eec        0x4 c:/st/stm32cubeide_1.4.0/stm32cubeide/plugins/com.st.stm32cube.ide.mcu.externaltools.gnu-tools-for-stm32.7-2018-q2-update.win32_1.4.0.202007081208/tools/bin/../lib/gcc/arm-none-eabi/7.3.1/thumb/v7e-m/fpv4-sp/hard/crti.o
                0x0000000008000eec                _init
 .init          0x0000000008000ef0        0x8 c:/st/stm32cubeide_1.4.0/stm32cubeide/plugins/com.st.stm32cube.ide.mcu.externaltools.gnu-tools-for-stm32.7-2018-q2-update.win32_1.4.0.202007081208/tools/bin/../lib/gcc/arm-none-eabi/7.3.1/thumb/v7e-m/fpv4-sp/hard/crtn.o
 *(.fini)
 .fini          0x0000000008000ef8        0x4 c:/st/stm32cubeide_1.4.0/stm32cubeide/plugins/com.st.stm32cube.ide.mcu.externaltools.gnu-tools-for-stm32.7-2018-q2-update.win32_1.4.0.202007081208/tools/bin/../lib/gcc/arm-none-eabi/7.3.1/thumb/v7e-m/fpv4-sp/hard/crti.o
                0x0000000008000ef8                _fini
 .fini          0x0000000008000efc        0x8 c:/st/stm32cubeide_1.4.0/stm32cubeide/plugins/com.st.stm32cube.ide.mcu.externaltools.gnu-tools-for-stm32.7-2018-q2-update.win32_1.4.0.202007081208/tools/bin/../lib/gcc/arm-none-eabi/7.3.1/thumb/v7e-m/fpv4-sp/hard/crtn.o
                0x0000000008000f04                . = ALIGN (0x4)
                0x0000000008000f04                _etext = .

.vfp11_veneer   0x0000000008000f04        0x0
 .vfp11_veneer  0x0000000008000f04        0x0 linker stubs

.v4_bx          0x0000000008000f04        0x0
 .v4_bx         0x0000000008000f04        0x0 linker stubs

.iplt           0x0000000008000f04        0x0
 .iplt          0x0000000008000f04        0x0 c:/st/stm32cubeide_1.4.0/stm32cubeide/plugins/com.st.stm32cube.ide.mcu.externaltools.gnu-tools-for-stm32.7-2018-q2-update.win32_1.4.0.202007081208/tools/bin/../lib/gcc/arm-none-eabi/7.3.1/thumb/v7e-m/fpv4-sp/hard/crtbegin.o

.rodata         0x0000000008000f04       0x18
                0x0000000008000f04                . = ALIGN (0x4)
 *(.rodata)
 .rodata        0x0000000008000f04       0x18 Drivers/CMSIS/system_stm32f4xx.o
                0x0000000008000f04                AHBPrescTable
                0x0000000008000f14                APBPrescTable
 *(.rodata*)
                0x0000000008000f1c                . = ALIGN (0x4)

.ARM.extab
 *(.ARM.extab* .gnu.linkonce.armextab.*)

.ARM            0x0000000008000f1c        0x8
                0x0000000008000f1c                __exidx_start = .
 *(.ARM.exidx*)
 .ARM.exidx     0x0000000008000f1c        0x8 c:/st/stm32cubeide_1.4.0/stm32cubeide/plugins/com.st.stm32cube.ide.mcu.externaltools.gnu-tools-for-stm32.7-2018-q2-update.win32_1.4.0.202007081208/tools/bin/../lib/gcc/arm-none-eabi/7.3.1/thumb/v7e-m/fpv4-sp/hard\libgcc.a(_udivmoddi4.o)
                0x0000000008000f24                __exidx_end = .

.rel.dyn        0x0000000008000f24        0x0
 .rel.iplt      0x0000000008000f24        0x0 c:/st/stm32cubeide_1.4.0/stm32cubeide/plugins/com.st.stm32cube.ide.mcu.externaltools.gnu-tools-for-stm32.7-2018-q2-update.win32_1.4.0.202007081208/tools/bin/../lib/gcc/arm-none-eabi/7.3.1/thumb/v7e-m/fpv4-sp/hard/crtbegin.o

.preinit_array  0x0000000008000f24        0x0
                0x0000000008000f24                PROVIDE (__preinit_array_start = .)
 *(.preinit_array*)
                0x0000000008000f24                PROVIDE (__preinit_array_end = .)

.init_array     0x0000000008000f24        0x4
                0x0000000008000f24                PROVIDE (__init_array_start = .)
 *(SORT_BY_NAME(.init_array.*))
 *(.init_array*)
 .init_array    0x0000000008000f24        0x4 c:/st/stm32cubeide_1.4.0/stm32cubeide/plugins/com.st.stm32cube.ide.mcu.externaltools.gnu-tools-for-stm32.7-2018-q2-update.win32_1.4.0.202007081208/tools/bin/../lib/gcc/arm-none-eabi/7.3.1/thumb/v7e-m/fpv4-sp/hard/crtbegin.o
                0x0000000008000f28                PROVIDE (__init_array_end = .)

.fini_array     0x0000000008000f28        0x4
                [!provide]                        PROVIDE (__fini_array_start = .)
 *(SORT_BY_NAME(.fini_array.*))
 *(.fini_array*)
 .fini_array    0x0000000008000f28        0x4 c:/st/stm32cubeide_1.4.0/stm32cubeide/plugins/com.st.stm32cube.ide.mcu.externaltools.gnu-tools-for-stm32.7-2018-q2-update.win32_1.4.0.202007081208/tools/bin/../lib/gcc/arm-none-eabi/7.3.1/thumb/v7e-m/fpv4-sp/hard/crtbegin.o
                [!provide]                        PROVIDE (__fini_array_end = .)
                0x0000000008000f2c                _sidata = LOADADDR (.data)

.data           0x0000000020000000        0xc load address 0x0000000008000f2c
                0x0000000020000000                . = ALIGN (0x4)
                0x0000000020000000                _sdata = .
 *(.data)
 .data          0x0000000020000000        0x4 Drivers/CMSIS/system_stm32f4xx.o
                0x0000000020000000                SystemCoreClock
 .data          0x0000000020000004        0x8 Drivers/STM32F4xx_HAL_Driver/stm32f4xx_hal.o
                0x0000000020000004                uwTickFreq
                0x0000000020000008                uwTickPrio
 *(.data*)
                0x000000002000000c                . = ALIGN (0x4)
                0x000000002000000c                _edata = .

.igot.plt       0x000000002000000c        0x0 load address 0x0000000008000f38
 .igot.plt      0x000000002000000c        0x0 c:/st/stm32cubeide_1.4.0/stm32cubeide/plugins/com.st.stm32cube.ide.mcu.externaltools.gnu-tools-for-stm32.7-2018-q2-update.win32_1.4.0.202007081208/tools/bin/../lib/gcc/arm-none-eabi/7.3.1/thumb/v7e-m/fpv4-sp/hard/crtbegin.o
                0x000000002000000c                . = ALIGN (0x4)

.bss            0x000000002000000c       0x34 load address 0x0000000008000f38
                0x000000002000000c                _sbss = .
                0x000000002000000c                __bss_start__ = _sbss
 *(.bss)
 .bss           0x000000002000000c       0x1c c:/st/stm32cubeide_1.4.0/stm32cubeide/plugins/com.st.stm32cube.ide.mcu.externaltools.gnu-tools-for-stm32.7-2018-q2-update.win32_1.4.0.202007081208/tools/bin/../lib/gcc/arm-none-eabi/7.3.1/thumb/v7e-m/fpv4-sp/hard/crtbegin.o
 .bss           0x0000000020000028       0x14 Example/User/main.o
 *(.bss*)
 *(COMMON)
 COMMON         0x000000002000003c        0x4 Drivers/STM32F4xx_HAL_Driver/stm32f4xx_hal.o
                0x000000002000003c                uwTick
                0x0000000020000040                . = ALIGN (0x4)
                0x0000000020000040                _ebss = .
                0x0000000020000040                __bss_end__ = _ebss

._user_heap_stack
                0x0000000020000040      0x600 load address 0x0000000008000f38
                0x0000000020000040                . = ALIGN (0x4)
                [!provide]                        PROVIDE (end = .)
                [!provide]                        PROVIDE (_end = .)
                0x0000000020000240                . = (. + _Min_Heap_Size)
 *fill*         0x0000000020000040      0x200 
                0x0000000020000640                . = (. + _Min_Stack_Size)
 *fill*         0x0000000020000240      0x400 
                0x0000000020000640                . = ALIGN (0x4)

/DISCARD/
 libc.a(*)
 libm.a(*)
 libgcc.a(*)

.ARM.attributes
                0x0000000000000000       0x30
 *(.ARM.attributes)
 .ARM.attributes
                0x0000000000000000       0x22 c:/st/stm32cubeide_1.4.0/stm32cubeide/plugins/com.st.stm32cube.ide.mcu.externaltools.gnu-tools-for-stm32.7-2018-q2-update.win32_1.4.0.202007081208/tools/bin/../lib/gcc/arm-none-eabi/7.3.1/thumb/v7e-m/fpv4-sp/hard/crti.o
 .ARM.attributes
                0x0000000000000022       0x34 c:/st/stm32cubeide_1.4.0/stm32cubeide/plugins/com.st.stm32cube.ide.mcu.externaltools.gnu-tools-for-stm32.7-2018-q2-update.win32_1.4.0.202007081208/tools/bin/../lib/gcc/arm-none-eabi/7.3.1/thumb/v7e-m/fpv4-sp/hard/crtbegin.o
 .ARM.attributes
                0x0000000000000056       0x39 Drivers/CMSIS/system_stm32f4xx.o
 .ARM.attributes
                0x000000000000008f       0x39 Drivers/STM32F4xx_HAL_Driver/stm32f4xx_hal.o
 .ARM.attributes
                0x00000000000000c8       0x39 Drivers/STM32F4xx_HAL_Driver/stm32f4xx_hal_cortex.o
 .ARM.attributes
                0x0000000000000101       0x39 Drivers/STM32F4xx_HAL_Driver/stm32f4xx_hal_gpio.o
 .ARM.attributes
                0x000000000000013a       0x39 Drivers/STM32F4xx_HAL_Driver/stm32f4xx_hal_rcc.o
 .ARM.attributes
                0x0000000000000173       0x21 Example/SW4STM32/startup_stm32f401xe.o
 .ARM.attributes
                0x0000000000000194       0x39 Example/User/main.o
 .ARM.attributes
                0x00000000000001cd       0x39 Example/User/stm32f4xx_it.o
 .ARM.attributes
                0x0000000000000206       0x34 c:/st/stm32cubeide_1.4.0/stm32cubeide/plugins/com.st.stm32cube.ide.mcu.externaltools.gnu-tools-for-stm32.7-2018-q2-update.win32_1.4.0.202007081208/tools/bin/../lib/gcc/arm-none-eabi/7.3.1/../../../../arm-none-eabi/lib/thumb/v7e-m/fpv4-sp/hard\libc_nano.a(lib_a-init.o)
 .ARM.attributes
                0x000000000000023a       0x22 c:/st/stm32cubeide_1.4.0/stm32cubeide/plugins/com.st.stm32cube.ide.mcu.externaltools.gnu-tools-for-stm32.7-2018-q2-update.win32_1.4.0.202007081208/tools/bin/../lib/gcc/arm-none-eabi/7.3.1/thumb/v7e-m/fpv4-sp/hard\libgcc.a(_aeabi_uldivmod.o)
 .ARM.attributes
                0x000000000000025c       0x34 c:/st/stm32cubeide_1.4.0/stm32cubeide/plugins/com.st.stm32cube.ide.mcu.externaltools.gnu-tools-for-stm32.7-2018-q2-update.win32_1.4.0.202007081208/tools/bin/../lib/gcc/arm-none-eabi/7.3.1/thumb/v7e-m/fpv4-sp/hard\libgcc.a(_udivmoddi4.o)
 .ARM.attributes
                0x0000000000000290       0x22 c:/st/stm32cubeide_1.4.0/stm32cubeide/plugins/com.st.stm32cube.ide.mcu.externaltools.gnu-tools-for-stm32.7-2018-q2-update.win32_1.4.0.202007081208/tools/bin/../lib/gcc/arm-none-eabi/7.3.1/thumb/v7e-m/fpv4-sp/hard\libgcc.a(_dvmd_tls.o)
 .ARM.attributes
                0x00000000000002b2       0x22 c:/st/stm32cubeide_1.4.0/stm32cubeide/plugins/com.st.stm32cube.ide.mcu.externaltools.gnu-tools-for-stm32.7-2018-q2-update.win32_1.4.0.202007081208/tools/bin/../lib/gcc/arm-none-eabi/7.3.1/thumb/v7e-m/fpv4-sp/hard/crtn.o
OUTPUT(STM32F4xx-Nucleo.elf elf32-littlearm)

.debug_info     0x0000000000000000     0x42e9
 .debug_info    0x0000000000000000      0x583 Drivers/CMSIS/system_stm32f4xx.o
 .debug_info    0x0000000000000583      0x9a2 Drivers/STM32F4xx_HAL_Driver/stm32f4xx_hal.o
 .debug_info    0x0000000000000f25      0xef2 Drivers/STM32F4xx_HAL_Driver/stm32f4xx_hal_cortex.o
 .debug_info    0x0000000000001e17      0x7e9 Drivers/STM32F4xx_HAL_Driver/stm32f4xx_hal_gpio.o
 .debug_info    0x0000000000002600      0xad3 Drivers/STM32F4xx_HAL_Driver/stm32f4xx_hal_rcc.o
 .debug_info    0x00000000000030d3       0x22 Example/SW4STM32/startup_stm32f401xe.o
 .debug_info    0x00000000000030f5      0xfe9 Example/User/main.o
 .debug_info    0x00000000000040de      0x20b Example/User/stm32f4xx_it.o

.debug_abbrev   0x0000000000000000      0xf2c
 .debug_abbrev  0x0000000000000000      0x12b Drivers/CMSIS/system_stm32f4xx.o
 .debug_abbrev  0x000000000000012b      0x26b Drivers/STM32F4xx_HAL_Driver/stm32f4xx_hal.o
 .debug_abbrev  0x0000000000000396      0x328 Drivers/STM32F4xx_HAL_Driver/stm32f4xx_hal_cortex.o
 .debug_abbrev  0x00000000000006be      0x1f4 Drivers/STM32F4xx_HAL_Driver/stm32f4xx_hal_gpio.o
 .debug_abbrev  0x00000000000008b2      0x2d0 Drivers/STM32F4xx_HAL_Driver/stm32f4xx_hal_rcc.o
 .debug_abbrev  0x0000000000000b82       0x12 Example/SW4STM32/startup_stm32f401xe.o
 .debug_abbrev  0x0000000000000b94      0x281 Example/User/main.o
 .debug_abbrev  0x0000000000000e15      0x117 Example/User/stm32f4xx_it.o

.debug_loc      0x0000000000000000      0xd44
 .debug_loc     0x0000000000000000      0x11c Drivers/CMSIS/system_stm32f4xx.o
 .debug_loc     0x000000000000011c      0x115 Drivers/STM32F4xx_HAL_Driver/stm32f4xx_hal.o
 .debug_loc     0x0000000000000231      0x49b Drivers/STM32F4xx_HAL_Driver/stm32f4xx_hal_cortex.o
 .debug_loc     0x00000000000006cc      0x342 Drivers/STM32F4xx_HAL_Driver/stm32f4xx_hal_gpio.o
 .debug_loc     0x0000000000000a0e      0x336 Drivers/STM32F4xx_HAL_Driver/stm32f4xx_hal_rcc.o

.debug_aranges  0x0000000000000000      0x328
 .debug_aranges
                0x0000000000000000       0x28 Drivers/CMSIS/system_stm32f4xx.o
 .debug_aranges
                0x0000000000000028       0xe8 Drivers/STM32F4xx_HAL_Driver/stm32f4xx_hal.o
 .debug_aranges
                0x0000000000000110       0xa8 Drivers/STM32F4xx_HAL_Driver/stm32f4xx_hal_cortex.o
 .debug_aranges
                0x00000000000001b8       0x58 Drivers/STM32F4xx_HAL_Driver/stm32f4xx_hal_gpio.o
 .debug_aranges
                0x0000000000000210       0x88 Drivers/STM32F4xx_HAL_Driver/stm32f4xx_hal_rcc.o
 .debug_aranges
                0x0000000000000298       0x28 Example/SW4STM32/startup_stm32f401xe.o
 .debug_aranges
                0x00000000000002c0       0x20 Example/User/main.o
 .debug_aranges
                0x00000000000002e0       0x48 Example/User/stm32f4xx_it.o

.debug_ranges   0x0000000000000000      0x400
 .debug_ranges  0x0000000000000000       0x18 Drivers/CMSIS/system_stm32f4xx.o
 .debug_ranges  0x0000000000000018       0xd8 Drivers/STM32F4xx_HAL_Driver/stm32f4xx_hal.o
 .debug_ranges  0x00000000000000f0      0x138 Drivers/STM32F4xx_HAL_Driver/stm32f4xx_hal_cortex.o
 .debug_ranges  0x0000000000000228       0x68 Drivers/STM32F4xx_HAL_Driver/stm32f4xx_hal_gpio.o
 .debug_ranges  0x0000000000000290       0xb0 Drivers/STM32F4xx_HAL_Driver/stm32f4xx_hal_rcc.o
 .debug_ranges  0x0000000000000340       0x20 Example/SW4STM32/startup_stm32f401xe.o
 .debug_ranges  0x0000000000000360       0x68 Example/User/main.o
 .debug_ranges  0x00000000000003c8       0x38 Example/User/stm32f4xx_it.o

.debug_macro    0x0000000000000000     0x1ae7
 .debug_macro   0x0000000000000000      0x1cf Drivers/CMSIS/system_stm32f4xx.o
 .debug_macro   0x00000000000001cf      0x229 Drivers/STM32F4xx_HAL_Driver/stm32f4xx_hal.o
 .debug_macro   0x00000000000003f8      0x1c9 Drivers/STM32F4xx_HAL_Driver/stm32f4xx_hal_cortex.o
 .debug_macro   0x00000000000005c1      0x1ff Drivers/STM32F4xx_HAL_Driver/stm32f4xx_hal_gpio.o
 .debug_macro   0x00000000000007c0      0x1ed Drivers/STM32F4xx_HAL_Driver/stm32f4xx_hal_rcc.o
 .debug_macro   0x00000000000009ad      0x332 Example/User/main.o
 .debug_macro   0x0000000000000cdf      0x1bb Example/User/main.o
 .debug_macro   0x0000000000000e9a       0x46 Example/User/main.o
 .debug_macro   0x0000000000000ee0       0x18 Example/User/main.o
 .debug_macro   0x0000000000000ef8       0x3c Example/User/main.o
 .debug_macro   0x0000000000000f34       0x34 Example/User/main.o
 .debug_macro   0x0000000000000f68       0x16 Example/User/main.o
 .debug_macro   0x0000000000000f7e       0x35 Example/User/main.o
 .debug_macro   0x0000000000000fb3      0x32a Example/User/main.o
 .debug_macro   0x00000000000012dd       0x10 Example/User/main.o
 .debug_macro   0x00000000000012ed       0x52 Example/User/main.o
 .debug_macro   0x000000000000133f       0x1f Example/User/main.o
 .debug_macro   0x000000000000135e       0x43 Example/User/main.o
 .debug_macro   0x00000000000013a1       0x20 Example/User/main.o
 .debug_macro   0x00000000000013c1      0x1a3 Example/User/main.o
 .debug_macro   0x0000000000001564       0x10 Example/User/main.o
 .debug_macro   0x0000000000001574       0x1c Example/User/main.o
 .debug_macro   0x0000000000001590       0x52 Example/User/main.o
 .debug_macro   0x00000000000015e2       0x40 Example/User/main.o
 .debug_macro   0x0000000000001622       0x10 Example/User/main.o
 .debug_macro   0x0000000000001632       0x40 Example/User/main.o
 .debug_macro   0x0000000000001672       0xd7 Example/User/main.o
 .debug_macro   0x0000000000001749       0x1c Example/User/main.o
 .debug_macro   0x0000000000001765       0x3d Example/User/main.o
 .debug_macro   0x00000000000017a2       0x16 Example/User/main.o
 .debug_macro   0x00000000000017b8      0x145 Example/User/main.o
 .debug_macro   0x00000000000018fd      0x1ea Example/User/stm32f4xx_it.o

.debug_line     0x0000000000000000     0x3d32
 .debug_line    0x0000000000000000      0x71a Drivers/CMSIS/system_stm32f4xx.o
 .debug_line    0x000000000000071a      0x8eb Drivers/STM32F4xx_HAL_Driver/stm32f4xx_hal.o
 .debug_line    0x0000000000001005      0x96c Drivers/STM32F4xx_HAL_Driver/stm32f4xx_hal_cortex.o
 .debug_line    0x0000000000001971      0x8a0 Drivers/STM32F4xx_HAL_Driver/stm32f4xx_hal_gpio.o
 .debug_line    0x0000000000002211      0x9b5 Drivers/STM32F4xx_HAL_Driver/stm32f4xx_hal_rcc.o
 .debug_line    0x0000000000002bc6       0xb7 Example/SW4STM32/startup_stm32f401xe.o
 .debug_line    0x0000000000002c7d      0x92a Example/User/main.o
 .debug_line    0x00000000000035a7      0x78b Example/User/stm32f4xx_it.o

.debug_str      0x0000000000000000    0x87609
 .debug_str     0x0000000000000000    0x814f4 Drivers/CMSIS/system_stm32f4xx.o
                                      0x8177a (size before relaxing)
 .debug_str     0x00000000000814f4      0x9ae Drivers/STM32F4xx_HAL_Driver/stm32f4xx_hal.o
                                      0x8212f (size before relaxing)
 .debug_str     0x0000000000081ea2      0x39c Drivers/STM32F4xx_HAL_Driver/stm32f4xx_hal_cortex.o
                                      0x81ec7 (size before relaxing)
 .debug_str     0x000000000008223e      0x2c9 Drivers/STM32F4xx_HAL_Driver/stm32f4xx_hal_gpio.o
                                      0x819be (size before relaxing)
 .debug_str     0x0000000000082507      0x3b5 Drivers/STM32F4xx_HAL_Driver/stm32f4xx_hal_rcc.o
                                      0x81b93 (size before relaxing)
 .debug_str     0x00000000000828bc       0x67 Example/SW4STM32/startup_stm32f401xe.o
                                         0xc1 (size before relaxing)
 .debug_str     0x0000000000082923     0x4bf7 Example/User/main.o
                                      0x8652a (size before relaxing)
 .debug_str     0x000000000008751a       0xef Example/User/stm32f4xx_it.o
                                      0x82194 (size before relaxing)

.comment        0x0000000000000000       0x7b
 .comment       0x0000000000000000       0x7b Drivers/CMSIS/system_stm32f4xx.o
                                         0x7c (size before relaxing)
 .comment       0x000000000000007b       0x7c Drivers/STM32F4xx_HAL_Driver/stm32f4xx_hal.o
 .comment       0x000000000000007b       0x7c Drivers/STM32F4xx_HAL_Driver/stm32f4xx_hal_cortex.o
 .comment       0x000000000000007b       0x7c Drivers/STM32F4xx_HAL_Driver/stm32f4xx_hal_gpio.o
 .comment       0x000000000000007b       0x7c Drivers/STM32F4xx_HAL_Driver/stm32f4xx_hal_rcc.o
 .comment       0x000000000000007b       0x7c Example/User/main.o
 .comment       0x000000000000007b       0x7c Example/User/stm32f4xx_it.o

.debug_frame    0x0000000000000000      0x6f0
 .debug_frame   0x0000000000000000       0x38 Drivers/CMSIS/system_stm32f4xx.o
 .debug_frame   0x0000000000000038      0x1f4 Drivers/STM32F4xx_HAL_Driver/stm32f4xx_hal.o
 .debug_frame   0x000000000000022c      0x158 Drivers/STM32F4xx_HAL_Driver/stm32f4xx_hal_cortex.o
 .debug_frame   0x0000000000000384       0xd8 Drivers/STM32F4xx_HAL_Driver/stm32f4xx_hal_gpio.o
 .debug_frame   0x000000000000045c      0x13c Drivers/STM32F4xx_HAL_Driver/stm32f4xx_hal_rcc.o
 .debug_frame   0x0000000000000598       0x2c Example/User/main.o
 .debug_frame   0x00000000000005c4       0xa0 Example/User/stm32f4xx_it.o
 .debug_frame   0x0000000000000664       0x2c c:/st/stm32cubeide_1.4.0/stm32cubeide/plugins/com.st.stm32cube.ide.mcu.externaltools.gnu-tools-for-stm32.7-2018-q2-update.win32_1.4.0.202007081208/tools/bin/../lib/gcc/arm-none-eabi/7.3.1/../../../../arm-none-eabi/lib/thumb/v7e-m/fpv4-sp/hard\libc_nano.a(lib_a-init.o)
 .debug_frame   0x0000000000000690       0x2c c:/st/stm32cubeide_1.4.0/stm32cubeide/plugins/com.st.stm32cube.ide.mcu.externaltools.gnu-tools-for-stm32.7-2018-q2-update.win32_1.4.0.202007081208/tools/bin/../lib/gcc/arm-none-eabi/7.3.1/thumb/v7e-m/fpv4-sp/hard\libgcc.a(_aeabi_uldivmod.o)
 .debug_frame   0x00000000000006bc       0x34 c:/st/stm32cubeide_1.4.0/stm32cubeide/plugins/com.st.stm32cube.ide.mcu.externaltools.gnu-tools-for-stm32.7-2018-q2-update.win32_1.4.0.202007081208/tools/bin/../lib/gcc/arm-none-eabi/7.3.1/thumb/v7e-m/fpv4-sp/hard\libgcc.a(_udivmoddi4.o)
